// Vitest Snapshot v1

exports[`mount component 1`] = `
"<div class=\\"border-8 border-red-300\\">
  <h1>Example component with VUE 3 and TS AND TAILWIND</h1>
  <p class=\\"text-3xl font-bold underline\\"> someProp has value of test</p>
  <p class=\\"text-3xl font-bold underline\\"> otherProp has value of 12</p>
</div>"
`;
